#-----------------------------------------------------------
# Vivado v2021.2 (64-bit)
# SW Build 3367213 on Tue Oct 19 02:47:39 MDT 2021
# IP Build 3369179 on Thu Oct 21 08:25:16 MDT 2021
# Start of session at: Thu Oct 21 22:52:11 2021
# Process ID: 20527
# Current directory: /tmp/tmp.BGwSOPWj7I/temp/hwflow/hwflow_project_1/project_1.runs/project_1_zynq_ultra_ps_e_0_0_synth_1
# Command line: vivado -log project_1_zynq_ultra_ps_e_0_0.vds -product Vivado -mode batch -messageDb vivado.pb -notrace -source project_1_zynq_ultra_ps_e_0_0.tcl
# Log file: /tmp/tmp.BGwSOPWj7I/temp/hwflow/hwflow_project_1/project_1.runs/project_1_zynq_ultra_ps_e_0_0_synth_1/project_1_zynq_ultra_ps_e_0_0.vds
# Journal file: /tmp/tmp.BGwSOPWj7I/temp/hwflow/hwflow_project_1/project_1.runs/project_1_zynq_ultra_ps_e_0_0_synth_1/vivado.jou
# Running On: xcossw02, OS: Linux, CPU Frequency: 1197.408 MHz, CPU Physical cores: 28, Host memory: 270383 MB
#-----------------------------------------------------------
source project_1_zynq_ultra_ps_e_0_0.tcl -notrace
